// Jest Snapshot v1, https://goo.gl/fbAQLP

exports[`renders CurrencyRates component witouth crashing and to match snapshot 1`] = `
<div
  className="card card-body"
>
  <div
    className="card-title"
  >
    <h1
      id="tabelLabel"
    >
      Conversiones
    </h1>
  </div>
  <br />
  <div>
    <div
      className="table-responsive-md"
    >
      <table
        aria-labelledby="currencyTableLabel"
        className="table table-striped table-bordered table-hover"
      >
        <thead
          className="thead-dark"
        >
          <tr>
            <th>
              Moneda Fuente
            </th>
            <th>
              Moneda Destino
            </th>
            <th>
              Valor de Conversi√≥n
            </th>
          </tr>
        </thead>
        <tbody>
          <tr>
            <td>
              EUR
            </td>
            <td>
              USD
            </td>
            <td>
              1.359
            </td>
          </tr>
          <tr>
            <td>
              CAD
            </td>
            <td>
              EUR
            </td>
            <td>
              0.732
            </td>
          </tr>
          <tr>
            <td>
              USD
            </td>
            <td>
              EUR
            </td>
            <td>
              0.736
            </td>
          </tr>
          <tr>
            <td>
              EUR
            </td>
            <td>
              CAD
            </td>
            <td>
              1.366
            </td>
          </tr>
          <tr>
            <td>
              USD
            </td>
            <td>
              AUD
            </td>
            <td>
              1.45
            </td>
          </tr>
          <tr>
            <td>
              AUD
            </td>
            <td>
              USD
            </td>
            <td>
              0.69
            </td>
          </tr>
          <tr>
            <td>
              CAD
            </td>
            <td>
              AUD
            </td>
            <td>
              1.96
            </td>
          </tr>
        </tbody>
      </table>
    </div>
  </div>
</div>
`;
